// Jest Snapshot v1, https://goo.gl/fbAQLP

exports[`renders correctly 1`] = `
<div
  className="ant-divider ant-divider-horizontal homieDivider"
  role="separator"
/>
`;
