// Jest Snapshot v1, https://goo.gl/fbAQLP

exports[`renders correctly 1`] = `
<div
  className="badgeTypeRepo"
  style={
    Object {
      "backgroundColor": "#fff",
      "borderColor": "#AAA",
      "color": "#000",
    }
  }
>
  1
</div>
`;
